[dotenv@17.3.1] injecting env (1) from .env -- tip: ≡ƒöÉ prevent building .env in docker: https://dotenvx.com/prebuild
≡ƒô¥ onTestEnd called: valid login - Status: passed
≡ƒöì Processing 1 test(s)
≡ƒôñ Sending Teams notification (attempt 1/3)...
≡ƒôì Webhook URL: https://informaticsholdingsint.webhook.office.com/webhookb2/...
Γ£à Teams notification sent successfully!
≡ƒôè Response status: 200 OK

To open last HTML report run:
[36m[39m
[36m  npx playwright show-report[39m
[36m[39m
